2026-03-30T23:51:20.317-03:00  INFO 16300 --- [sufs] [restartedMain] com.pelizzaris.sufs.SufsApplication      : Starting SufsApplication using Java 21.0.9 with PID 16300 (C:\Users\Vinícius Pelizzari\Desktop\code-2025\java\sufs\target\classes started by Vinicius Pelizzari in C:\Users\Vinícius Pelizzari\Desktop\code-2025\java\sufs)
2026-03-30T23:51:20.323-03:00  INFO 16300 --- [sufs] [restartedMain] com.pelizzaris.sufs.SufsApplication      : The following 1 profile is active: "dev"
2026-03-30T23:51:20.461-03:00  INFO 16300 --- [sufs] [restartedMain] .e.DevToolsPropertyDefaultsPostProcessor : Devtools property defaults active! Set 'spring.devtools.add-properties' to 'false' to disable
2026-03-30T23:51:20.462-03:00  INFO 16300 --- [sufs] [restartedMain] .e.DevToolsPropertyDefaultsPostProcessor : For additional web related logging consider setting the 'logging.level.web' property to 'DEBUG'
2026-03-30T23:51:24.052-03:00  INFO 16300 --- [sufs] [restartedMain] .s.d.r.c.RepositoryConfigurationDelegate : Bootstrapping Spring Data JPA repositories in DEFAULT mode.
2026-03-30T23:51:24.294-03:00  INFO 16300 --- [sufs] [restartedMain] .s.d.r.c.RepositoryConfigurationDelegate : Finished Spring Data repository scanning in 217 ms. Found 7 JPA repository interfaces.
2026-03-30T23:51:26.662-03:00  INFO 16300 --- [sufs] [restartedMain] o.s.b.w.embedded.tomcat.TomcatWebServer  : Tomcat initialized with port 8080 (http)
2026-03-30T23:51:26.693-03:00  INFO 16300 --- [sufs] [restartedMain] o.apache.catalina.core.StandardService   : Starting service [Tomcat]
2026-03-30T23:51:26.695-03:00  INFO 16300 --- [sufs] [restartedMain] o.apache.catalina.core.StandardEngine    : Starting Servlet engine: [Apache Tomcat/10.1.49]
2026-03-30T23:51:26.890-03:00  INFO 16300 --- [sufs] [restartedMain] o.a.c.c.C.[Tomcat].[localhost].[/]       : Initializing Spring embedded WebApplicationContext
2026-03-30T23:51:26.890-03:00  INFO 16300 --- [sufs] [restartedMain] w.s.c.ServletWebServerApplicationContext : Root WebApplicationContext: initialization completed in 6423 ms
2026-03-30T23:51:27.475-03:00  INFO 16300 --- [sufs] [restartedMain] o.hibernate.jpa.internal.util.LogHelper  : HHH000204: Processing PersistenceUnitInfo [name: default]
2026-03-30T23:51:27.664-03:00  INFO 16300 --- [sufs] [restartedMain] org.hibernate.Version                    : HHH000412: Hibernate ORM core version 6.6.36.Final
2026-03-30T23:51:27.811-03:00  INFO 16300 --- [sufs] [restartedMain] o.h.c.internal.RegionFactoryInitiator    : HHH000026: Second-level cache disabled
2026-03-30T23:51:29.035-03:00  INFO 16300 --- [sufs] [restartedMain] o.s.o.j.p.SpringPersistenceUnitInfo      : No LoadTimeWeaver setup: ignoring JPA class transformer
2026-03-30T23:51:29.165-03:00  INFO 16300 --- [sufs] [restartedMain] com.zaxxer.hikari.HikariDataSource       : HikariPool-1 - Starting...
2026-03-30T23:51:30.548-03:00  INFO 16300 --- [sufs] [restartedMain] com.zaxxer.hikari.pool.HikariPool        : HikariPool-1 - Added connection com.mysql.cj.jdbc.ConnectionImpl@2ab6b6cf
2026-03-30T23:51:30.557-03:00  INFO 16300 --- [sufs] [restartedMain] com.zaxxer.hikari.HikariDataSource       : HikariPool-1 - Start completed.
2026-03-30T23:51:30.750-03:00  WARN 16300 --- [sufs] [restartedMain] org.hibernate.orm.deprecation            : HHH90000025: MySQLDialect does not need to be specified explicitly using 'hibernate.dialect' (remove the property setting and it will be selected by default)
2026-03-30T23:51:30.863-03:00  INFO 16300 --- [sufs] [restartedMain] org.hibernate.orm.connections.pooling    : HHH10001005: Database info:
	Database JDBC URL [Connecting through datasource 'HikariDataSource (HikariPool-1)']
	Database driver: undefined/unknown
	Database version: 9.5
	Autocommit mode: undefined/unknown
	Isolation level: undefined/unknown
	Minimum pool size: undefined/unknown
	Maximum pool size: undefined/unknown
2026-03-30T23:51:34.022-03:00  INFO 16300 --- [sufs] [restartedMain] o.h.e.t.j.p.i.JtaPlatformInitiator       : HHH000489: No JTA platform available (set 'hibernate.transaction.jta.platform' to enable JTA platform integration)
2026-03-30T23:51:34.492-03:00  INFO 16300 --- [sufs] [restartedMain] j.LocalContainerEntityManagerFactoryBean : Initialized JPA EntityManagerFactory for persistence unit 'default'
2026-03-30T23:51:40.075-03:00  INFO 16300 --- [sufs] [restartedMain] o.s.b.a.h2.H2ConsoleAutoConfiguration    : H2 console available at '/h2-console'. Database available at 'jdbc:mysql://localhost:3307/mydb'
2026-03-30T23:51:40.240-03:00 DEBUG 16300 --- [sufs] [restartedMain] o.s.jdbc.datasource.init.ScriptUtils     : Executing SQL script from file [C:\Users\Vinícius Pelizzari\Desktop\code-2025\java\sufs\target\classes\data.sql]
2026-03-30T23:51:41.167-03:00 DEBUG 16300 --- [sufs] [restartedMain] o.s.jdbc.datasource.init.ScriptUtils     : SQLWarning ignored: SQL state '23000', error code '1062', message [Duplicate entry '1' for key 'tb_roles.PRIMARY']
2026-03-30T23:51:41.168-03:00 DEBUG 16300 --- [sufs] [restartedMain] o.s.jdbc.datasource.init.ScriptUtils     : 0 returned as update count for SQL: INSERT IGNORE INTO tb_roles (role_id, nome_role) VALUES (1, 'master')
2026-03-30T23:51:41.179-03:00 DEBUG 16300 --- [sufs] [restartedMain] o.s.jdbc.datasource.init.ScriptUtils     : SQLWarning ignored: SQL state '23000', error code '1062', message [Duplicate entry '2' for key 'tb_roles.PRIMARY']
2026-03-30T23:51:41.179-03:00 DEBUG 16300 --- [sufs] [restartedMain] o.s.jdbc.datasource.init.ScriptUtils     : 0 returned as update count for SQL: INSERT IGNORE INTO tb_roles (role_id, nome_role) VALUES (2, 'admin')
2026-03-30T23:51:41.190-03:00 DEBUG 16300 --- [sufs] [restartedMain] o.s.jdbc.datasource.init.ScriptUtils     : SQLWarning ignored: SQL state '23000', error code '1062', message [Duplicate entry '3' for key 'tb_roles.PRIMARY']
2026-03-30T23:51:41.190-03:00 DEBUG 16300 --- [sufs] [restartedMain] o.s.jdbc.datasource.init.ScriptUtils     : 0 returned as update count for SQL: INSERT IGNORE INTO tb_roles (role_id, nome_role) VALUES (3, 'usuario')
2026-03-30T23:51:41.192-03:00 DEBUG 16300 --- [sufs] [restartedMain] o.s.jdbc.datasource.init.ScriptUtils     : Executed SQL script from file [C:\Users\Vinícius Pelizzari\Desktop\code-2025\java\sufs\target\classes\data.sql] in 950 ms.
2026-03-30T23:51:41.421-03:00  INFO 16300 --- [sufs] [restartedMain] o.s.b.d.a.OptionalLiveReloadServer       : LiveReload server is running on port 35729
2026-03-30T23:51:41.533-03:00  INFO 16300 --- [sufs] [restartedMain] o.s.b.w.embedded.tomcat.TomcatWebServer  : Tomcat started on port 8080 (http) with context path '/'
2026-03-30T23:51:41.558-03:00  INFO 16300 --- [sufs] [restartedMain] com.pelizzaris.sufs.SufsApplication      : Started SufsApplication in 22.699 seconds (process running for 25.131)
2026-03-30T23:51:41.914-03:00 TRACE 16300 --- [sufs] [restartedMain] org.hibernate.orm.jdbc.bind              : binding parameter (1:VARCHAR) <- [MASTER]
2026-03-30T23:51:41.999-03:00 TRACE 16300 --- [sufs] [restartedMain] org.hibernate.orm.jdbc.bind              : binding parameter (1:VARCHAR) <- [a@a]
2026-03-30T23:51:42.030-03:00 TRACE 16300 --- [sufs] [restartedMain] org.hibernate.orm.jdbc.bind              : binding parameter (1:BINARY) <- [d4e3d8c9-5c1a-4ec8-89ad-b277490e84d6]
2026-03-30T23:51:42.044-03:00  INFO 16300 --- [sufs] [restartedMain] c.p.sufs.config.AdminUserConfig          : Usuário MASTER já existe: a@a
2026-03-30T23:51:54.349-03:00  INFO 16300 --- [sufs] [http-nio-8080-exec-2] o.a.c.c.C.[Tomcat].[localhost].[/]       : Initializing Spring DispatcherServlet 'dispatcherServlet'
2026-03-30T23:51:54.351-03:00  INFO 16300 --- [sufs] [http-nio-8080-exec-2] o.s.web.servlet.DispatcherServlet        : Initializing Servlet 'dispatcherServlet'
2026-03-30T23:51:54.354-03:00  INFO 16300 --- [sufs] [http-nio-8080-exec-2] o.s.web.servlet.DispatcherServlet        : Completed initialization in 3 ms
2026-03-30T23:51:54.747-03:00  INFO 16300 --- [sufs] [http-nio-8080-exec-2] c.p.sufs.service.UsuarioService          : Usuário - Login - Buscar por email: a@a
2026-03-30T23:51:54.874-03:00 TRACE 16300 --- [sufs] [http-nio-8080-exec-2] org.hibernate.orm.jdbc.bind              : binding parameter (1:VARCHAR) <- [a@a]
2026-03-30T23:51:54.882-03:00 TRACE 16300 --- [sufs] [http-nio-8080-exec-2] org.hibernate.orm.jdbc.bind              : binding parameter (1:BINARY) <- [d4e3d8c9-5c1a-4ec8-89ad-b277490e84d6]
2026-03-30T23:51:55.380-03:00  INFO 16300 --- [sufs] [http-nio-8080-exec-2] c.p.sufs.controller.TokenController      : Usuário autenticado com sucesso: a@a
2026-03-30T23:53:19.091-03:00  INFO 16300 --- [sufs] [http-nio-8080-exec-3] c.p.sufs.service.UsuarioService          : Usuário - Buscar todos
2026-03-30T23:53:19.136-03:00 TRACE 16300 --- [sufs] [http-nio-8080-exec-3] org.hibernate.orm.jdbc.bind              : binding parameter (1:BINARY) <- [d4e3d8c9-5c1a-4ec8-89ad-b277490e84d6]
2026-03-30T23:53:19.142-03:00 TRACE 16300 --- [sufs] [http-nio-8080-exec-3] org.hibernate.orm.jdbc.bind              : binding parameter (1:BINARY) <- [a9c06982-fbaa-4b48-8d01-744f48f6267f]
2026-03-30T23:54:20.843-03:00 TRACE 16300 --- [sufs] [http-nio-8080-exec-6] org.hibernate.orm.jdbc.bind              : binding parameter (1:VARCHAR) <- [a@C]
2026-03-30T23:54:20.843-03:00 TRACE 16300 --- [sufs] [http-nio-8080-exec-6] org.hibernate.orm.jdbc.bind              : binding parameter (2:INTEGER) <- [1]
2026-03-30T23:54:20.874-03:00 TRACE 16300 --- [sufs] [http-nio-8080-exec-6] org.hibernate.orm.jdbc.bind              : binding parameter (1:BIGINT) <- [3]
2026-03-30T23:54:21.135-03:00  INFO 16300 --- [sufs] [http-nio-8080-exec-6] c.p.sufs.service.UsuarioService          : Usuário - Usuário registrado com sucesso: abb84c49-dbd2-4279-a8be-2113966da811
2026-03-30T23:54:21.203-03:00 TRACE 16300 --- [sufs] [http-nio-8080-exec-6] org.hibernate.orm.jdbc.bind              : binding parameter (1:VARCHAR) <- [a@C]
2026-03-30T23:54:21.206-03:00 TRACE 16300 --- [sufs] [http-nio-8080-exec-6] org.hibernate.orm.jdbc.bind              : binding parameter (2:VARCHAR) <- [aaa]
2026-03-30T23:54:21.206-03:00 TRACE 16300 --- [sufs] [http-nio-8080-exec-6] org.hibernate.orm.jdbc.bind              : binding parameter (3:VARCHAR) <- [$2a$10$.OEYXt027oJcBYW5J0acWeS09PBawCXtXbFrAnOTZ/EAKl90nY2XC]
2026-03-30T23:54:21.206-03:00 TRACE 16300 --- [sufs] [http-nio-8080-exec-6] org.hibernate.orm.jdbc.bind              : binding parameter (4:BOOLEAN) <- [true]
2026-03-30T23:54:21.208-03:00 TRACE 16300 --- [sufs] [http-nio-8080-exec-6] org.hibernate.orm.jdbc.bind              : binding parameter (5:INTEGER) <- [0]
2026-03-30T23:54:21.208-03:00 TRACE 16300 --- [sufs] [http-nio-8080-exec-6] org.hibernate.orm.jdbc.bind              : binding parameter (6:BINARY) <- [abb84c49-dbd2-4279-a8be-2113966da811]
2026-03-30T23:54:21.233-03:00 TRACE 16300 --- [sufs] [http-nio-8080-exec-6] org.hibernate.orm.jdbc.bind              : binding parameter (1:ENUM) <- [USUARIO_CRIADO]
2026-03-30T23:54:21.233-03:00 TRACE 16300 --- [sufs] [http-nio-8080-exec-6] org.hibernate.orm.jdbc.bind              : binding parameter (2:TIMESTAMP) <- [2026-03-30T23:54:21.145940]
2026-03-30T23:54:21.233-03:00 TRACE 16300 --- [sufs] [http-nio-8080-exec-6] org.hibernate.orm.jdbc.bind              : binding parameter (3:VARCHAR) <- [abb84c49-dbd2-4279-a8be-2113966da811]
2026-03-30T23:54:21.236-03:00 TRACE 16300 --- [sufs] [http-nio-8080-exec-6] org.hibernate.orm.jdbc.bind              : binding parameter (4:BINARY) <- [d4e3d8c9-5c1a-4ec8-89ad-b277490e84d6]
2026-03-30T23:54:21.273-03:00  INFO 16300 --- [sufs] [http-nio-8080-exec-6] c.p.sufs.service.AuditoriaService        : Auditoria - auditoria registrada: 5
2026-03-30T23:54:21.275-03:00  INFO 16300 --- [sufs] [http-nio-8080-exec-6] c.p.sufs.service.UsuarioService          : Usuário - Auditoria - Usuário registrado: abb84c49-dbd2-4279-a8be-2113966da811
2026-03-30T23:54:21.285-03:00 TRACE 16300 --- [sufs] [http-nio-8080-exec-6] org.hibernate.orm.jdbc.bind              : binding parameter (1:BINARY) <- [abb84c49-dbd2-4279-a8be-2113966da811]
2026-03-30T23:54:21.285-03:00 TRACE 16300 --- [sufs] [http-nio-8080-exec-6] org.hibernate.orm.jdbc.bind              : binding parameter (2:BIGINT) <- [3]
